current directory: /Users/hashimotonoriaki/git/rails-next-matching/backend/vendor/bundle/ruby/3.4.0/gems/ed25519-1.4.0/ext/ed25519_ref10
/Users/hashimotonoriaki/.rbenv/versions/3.4.10/bin/ruby extconf.rb
checking for whether -Wall is accepted as CFLAGS... yes
checking for whether -O3 is accepted as CFLAGS... yes
checking for whether -pedantic is accepted as CFLAGS... no
checking for whether -std=c99 is accepted as CFLAGS... yes
creating Makefile

current directory: /Users/hashimotonoriaki/git/rails-next-matching/backend/vendor/bundle/ruby/3.4.0/gems/ed25519-1.4.0/ext/ed25519_ref10
make DESTDIR\= sitearchdir\=./.gem.20260728-36333-zi7jmh sitelibdir\=./.gem.20260728-36333-zi7jmh clean

current directory: /Users/hashimotonoriaki/git/rails-next-matching/backend/vendor/bundle/ruby/3.4.0/gems/ed25519-1.4.0/ext/ed25519_ref10
make DESTDIR\= sitearchdir\=./.gem.20260728-36333-zi7jmh sitelibdir\=./.gem.20260728-36333-zi7jmh
compiling ed25519_ref10.c
compiling fe.c
compiling ge.c
compiling keypair.c
compiling open.c
compiling sc_muladd.c
compiling sc_reduce.c
compiling sha512.c
compiling sign.c
compiling verify.c
linking shared-object ed25519_ref10.bundle

current directory: /Users/hashimotonoriaki/git/rails-next-matching/backend/vendor/bundle/ruby/3.4.0/gems/ed25519-1.4.0/ext/ed25519_ref10
make DESTDIR\= sitearchdir\=./.gem.20260728-36333-zi7jmh sitelibdir\=./.gem.20260728-36333-zi7jmh install
/usr/local/bin/ginstall -c -m 0755 ed25519_ref10.bundle ./.gem.20260728-36333-zi7jmh

current directory: /Users/hashimotonoriaki/git/rails-next-matching/backend/vendor/bundle/ruby/3.4.0/gems/ed25519-1.4.0/ext/ed25519_ref10
make DESTDIR\= sitearchdir\=./.gem.20260728-36333-zi7jmh sitelibdir\=./.gem.20260728-36333-zi7jmh clean
